
> vite_react_shadcn_ts@0.0.0 build
> vite build

[36mvite v5.4.19 [32mbuilding for production...[36m[39m
transforming...
node.exe : Browserslist: browsers data (caniuse-lite) is 7 months old. Please run:
At C:\Program Files\nodejs\npm.ps1:29 char:3
+   & $NODE_EXE $NPM_CLI_JS $args
+   ~~~~~~~~~~~~~~~~~~~~~~~~~~~~~
    + CategoryInfo          : NotSpecified: (Browserslist: b...ld. Please run::String) [], RemoteException
    + FullyQualifiedErrorId : NativeCommandError
 
  npx update-browserslist-db@latest
  Why you should do it regularly: https://github.com/browserslist/update-db#readme
node_modules/@xenova/transformers/node_modules/onnxruntime-web/dist/ort-web.min.js (6:62546): Use of eval in 
"node_modules/@xenova/transformers/node_modules/onnxruntime-web/dist/ort-web.min.js" is strongly discouraged as it 
poses security risks and may cause issues with minification.
[32mΓ£ô[39m 4714 modules transformed.
rendering chunks...
computing gzip size...
[2mdist/[22m[32mindex.html                                        [39m[1m[2m     1.37 kB[22m[1m[22m[2m Γöé gzip:     0.64 kB[22m
[2mdist/[22m[32massets/KaTeX_Size3-Regular-CTq5MqoE.woff          [39m[1m[2m     4.42 kB[22m[1m[22m
[2mdist/[22m[32massets/KaTeX_Size4-Regular-Dl5lxZxV.woff2         [39m[1m[2m     4.93 kB[22m[1m[22m
[2mdist/[22m[32massets/KaTeX_Size2-Regular-Dy4dx90m.woff2         [39m[1m[2m     5.21 kB[22m[1m[22m
[2mdist/[22m[32massets/KaTeX_Size1-Regular-mCD8mA8B.woff2         [39m[1m[2m     5.47 kB[22m[1m[22m
[2mdist/[22m[32massets/KaTeX_Size4-Regular-BF-4gkZK.woff          [39m[1m[2m     5.98 kB[22m[1m[22m
[2mdist/[22m[32massets/KaTeX_Size2-Regular-oD1tc_U0.woff          [39m[1m[2m     6.19 kB[22m[1m[22m
[2mdist/[22m[32massets/KaTeX_Size1-Regular-C195tn64.woff          [39m[1m[2m     6.50 kB[22m[1m[22m
[2mdist/[22m[32massets/KaTeX_Caligraphic-Regular-Di6jR-x-.woff2   [39m[1m[2m     6.91 kB[22m[1m[22m
[2mdist/[22m[32massets/KaTeX_Caligraphic-Bold-Dq_IR9rO.woff2      [39m[1m[2m     6.91 kB[22m[1m[22m
[2mdist/[22m[32massets/KaTeX_Size3-Regular-DgpXs0kz.ttf           [39m[1m[2m     7.59 kB[22m[1m[22m
[2mdist/[22m[32massets/KaTeX_Caligraphic-Regular-CTRA-rTL.woff    [39m[1m[2m     7.66 kB[22m[1m[22m
[2mdist/[22m[32massets/KaTeX_Caligraphic-Bold-BEiXGLvX.woff       [39m[1m[2m     7.72 kB[22m[1m[22m
[2mdist/[22m[32massets/rag.worker-xKHx_SpS.js                     [39m[1m[2m     7.85 kB[22m[1m[22m
[2mdist/[22m[32massets/KaTeX_Script-Regular-D3wIWfF6.woff2        [39m[1m[2m     9.64 kB[22m[1m[22m
[2mdist/[22m[32massets/KaTeX_SansSerif-Regular-DDBCnlJ7.woff2     [39m[1m[2m    10.34 kB[22m[1m[22m
[2mdist/[22m[32massets/KaTeX_Size4-Regular-DWFBv043.ttf           [39m[1m[2m    10.36 kB[22m[1m[22m
[2mdist/[22m[32massets/KaTeX_Script-Regular-D5yQViql.woff         [39m[1m[2m    10.59 kB[22m[1m[22m
[2mdist/[22m[32massets/KaTeX_Fraktur-Regular-CTYiF6lA.woff2       [39m[1m[2m    11.32 kB[22m[1m[22m
[2mdist/[22m[32massets/KaTeX_Fraktur-Bold-CL6g_b3V.woff2          [39m[1m[2m    11.35 kB[22m[1m[22m
[2mdist/[22m[32massets/KaTeX_Size2-Regular-B7gKUWhC.ttf           [39m[1m[2m    11.51 kB[22m[1m[22m
[2mdist/[22m[32massets/KaTeX_SansSerif-Italic-C3H0VqGB.woff2      [39m[1m[2m    12.03 kB[22m[1m[22m
[2mdist/[22m[32massets/KaTeX_SansSerif-Bold-D1sUS0GD.woff2        [39m[1m[2m    12.22 kB[22m[1m[22m
[2mdist/[22m[32massets/KaTeX_Size1-Regular-Dbsnue_I.ttf           [39m[1m[2m    12.23 kB[22m[1m[22m
[2mdist/[22m[32massets/KaTeX_SansSerif-Regular-CS6fqUqJ.woff      [39m[1m[2m    12.32 kB[22m[1m[22m
[2mdist/[22m[32massets/KaTeX_Caligraphic-Regular-wX97UBjC.ttf     [39m[1m[2m    12.34 kB[22m[1m[22m
[2mdist/[22m[32massets/KaTeX_Caligraphic-Bold-ATXxdsX0.ttf        [39m[1m[2m    12.37 kB[22m[1m[22m
[2mdist/[22m[32massets/KaTeX_Fraktur-Regular-Dxdc4cR9.woff        [39m[1m[2m    13.21 kB[22m[1m[22m
[2mdist/[22m[32massets/KaTeX_Fraktur-Bold-BsDP51OF.woff           [39m[1m[2m    13.30 kB[22m[1m[22m
[2mdist/[22m[32massets/KaTeX_Typewriter-Regular-CO6r4hn1.woff2    [39m[1m[2m    13.57 kB[22m[1m[22m
[2mdist/[22m[32massets/KaTeX_SansSerif-Italic-DN2j7dab.woff       [39m[1m[2m    14.11 kB[22m[1m[22m
[2mdist/[22m[32massets/KaTeX_SansSerif-Bold-DbIhKOiC.woff         [39m[1m[2m    14.41 kB[22m[1m[22m
[2mdist/[22m[32massets/KaTeX_Typewriter-Regular-C0xS9mPB.woff     [39m[1m[2m    16.03 kB[22m[1m[22m
[2mdist/[22m[32massets/KaTeX_Math-BoldItalic-CZnvNsCZ.woff2       [39m[1m[2m    16.40 kB[22m[1m[22m
[2mdist/[22m[32massets/KaTeX_Math-Italic-t53AETM-.woff2           [39m[1m[2m    16.44 kB[22m[1m[22m
[2mdist/[22m[32massets/KaTeX_Script-Regular-C5JkGWo-.ttf          [39m[1m[2m    16.65 kB[22m[1m[22m
[2mdist/[22m[32massets/KaTeX_Main-BoldItalic-DxDJ3AOS.woff2       [39m[1m[2m    16.78 kB[22m[1m[22m
[2mdist/[22m[32massets/KaTeX_Main-Italic-NWA7e6Wa.woff2           [39m[1m[2m    16.99 kB[22m[1m[22m
[2mdist/[22m[32massets/KaTeX_Math-BoldItalic-iY-2wyZ7.woff        [39m[1m[2m    18.67 kB[22m[1m[22m
[2mdist/[22m[32massets/KaTeX_Math-Italic-DA0__PXp.woff            [39m[1m[2m    18.75 kB[22m[1m[22m
[2mdist/[22m[32massets/KaTeX_Main-BoldItalic-SpSLRI95.woff        [39m[1m[2m    19.41 kB[22m[1m[22m
[2mdist/[22m[32massets/KaTeX_SansSerif-Regular-BNo7hRIc.ttf       [39m[1m[2m    19.44 kB[22m[1m[22m
[2mdist/[22m[32massets/KaTeX_Fraktur-Regular-CB_wures.ttf         [39m[1m[2m    19.57 kB[22m[1m[22m
[2mdist/[22m[32massets/KaTeX_Fraktur-Bold-BdnERNNW.ttf            [39m[1m[2m    19.58 kB[22m[1m[22m
[2mdist/[22m[32massets/KaTeX_Main-Italic-BMLOBm91.woff            [39m[1m[2m    19.68 kB[22m[1m[22m
[2mdist/[22m[32massets/KaTeX_SansSerif-Italic-YYjJ1zSn.ttf        [39m[1m[2m    22.36 kB[22m[1m[22m
[2mdist/[22m[32massets/KaTeX_SansSerif-Bold-CFMepnvq.ttf          [39m[1m[2m    24.50 kB[22m[1m[22m
[2mdist/[22m[32massets/KaTeX_Main-Bold-Cx986IdX.woff2             [39m[1m[2m    25.32 kB[22m[1m[22m
[2mdist/[22m[32massets/KaTeX_Main-Regular-B22Nviop.woff2          [39m[1m[2m    26.27 kB[22m[1m[22m
[2mdist/[22m[32massets/KaTeX_Typewriter-Regular-D3Ib7_Hf.ttf      [39m[1m[2m    27.56 kB[22m[1m[22m
[2mdist/[22m[32massets/KaTeX_AMS-Regular-BQhdFMY1.woff2           [39m[1m[2m    28.08 kB[22m[1m[22m
[2mdist/[22m[32massets/KaTeX_Main-Bold-Jm3AIy58.woff              [39m[1m[2m    29.91 kB[22m[1m[22m
[2mdist/[22m[32massets/KaTeX_Main-Regular-Dr94JaBh.woff           [39m[1m[2m    30.77 kB[22m[1m[22m
[2mdist/[22m[32massets/KaTeX_Math-BoldItalic-B3XSjfu4.ttf         [39m[1m[2m    31.20 kB[22m[1m[22m
[2mdist/[22m[32massets/KaTeX_Math-Italic-flOr_0UB.ttf             [39m[1m[2m    31.31 kB[22m[1m[22m
[2mdist/[22m[32massets/KaTeX_Main-BoldItalic-DzxPMmG6.ttf         [39m[1m[2m    32.97 kB[22m[1m[22m
[2mdist/[22m[32massets/KaTeX_AMS-Regular-DMm9YOAa.woff            [39m[1m[2m    33.52 kB[22m[1m[22m
[2mdist/[22m[32massets/KaTeX_Main-Italic-3WenGoN9.ttf             [39m[1m[2m    33.58 kB[22m[1m[22m
[2mdist/[22m[32massets/kittcore.worker-Np_jdtMq.js                [39m[1m[2m    44.53 kB[22m[1m[22m
[2mdist/[22m[32massets/KaTeX_Main-Bold-waoOVXN0.ttf               [39m[1m[2m    51.34 kB[22m[1m[22m
[2mdist/[22m[32massets/KaTeX_Main-Regular-ypZvNtVU.ttf            [39m[1m[2m    53.58 kB[22m[1m[22m
[2mdist/[22m[32massets/KaTeX_AMS-Regular-DRggAlZN.ttf             [39m[1m[2m    63.63 kB[22m[1m[22m
[2mdist/[22m[32massets/crossdoc.worker-u7DsBH2M.js                [39m[1m[2m   816.88 kB[22m[1m[22m
[2mdist/[22m[32massets/tts.worker-BX2Z5Con.js                     [39m[1m[2m   877.82 kB[22m[1m[22m
[2mdist/[22m[32massets/kittcore_bg-BNuvRu1j.wasm                  [39m[1m[2m14,864.40 kB[22m[1m[22m
[2mdist/[22m[32massets/ort-wasm-simd-threaded.jsep-B0T3yYHD.wasm  [39m[1m[2m21,596.02 kB[22m[1m[22m
[2mdist/[22m[35massets/index-DGJSQ15I.css                         [39m[1m[2m   206.59 kB[22m[1m[22m[2m Γöé gzip:    36.52 kB[22m
[2mdist/[22m[36massets/diff-DbItnlRl.js                           [39m[1m[2m     0.31 kB[22m[1m[22m[2m Γöé gzip:     0.24 kB[22m
[2mdist/[22m[36massets/brainfuck-C4LP7Hcl.js                      [39m[1m[2m     0.61 kB[22m[1m[22m[2m Γöé gzip:     0.33 kB[22m
[2mdist/[22m[36massets/index-Do8Pdv-d.js                          [39m[1m[2m     0.64 kB[22m[1m[22m[2m Γöé gzip:     0.35 kB[22m
[2mdist/[22m[36massets/properties-C78fOPTZ.js                     [39m[1m[2m     0.67 kB[22m[1m[22m[2m Γöé gzip:     0.35 kB[22m
[2mdist/[22m[36massets/cmake-BQqOBYOt.js                          [39m[1m[2m     0.78 kB[22m[1m[22m[2m Γöé gzip:     0.46 kB[22m
[2mdist/[22m[36massets/asciiarmor-Df11BRmG.js                     [39m[1m[2m     0.79 kB[22m[1m[22m[2m Γöé gzip:     0.41 kB[22m
[2mdist/[22m[36massets/http-DBlCnlav.js                           [39m[1m[2m     0.85 kB[22m[1m[22m[2m Γöé gzip:     0.41 kB[22m
[2mdist/[22m[36massets/protobuf-ChK-085T.js                       [39m[1m[2m     0.86 kB[22m[1m[22m[2m Γöé gzip:     0.52 kB[22m
[2mdist/[22m[36massets/solr-DehyRSwq.js                           [39m[1m[2m     0.87 kB[22m[1m[22m[2m Γöé gzip:     0.46 kB[22m
[2mdist/[22m[36massets/troff-wAsdV37c.js                          [39m[1m[2m     0.96 kB[22m[1m[22m[2m Γöé gzip:     0.44 kB[22m
[2mdist/[22m[36massets/spreadsheet-BCZA_wO0.js                    [39m[1m[2m     1.14 kB[22m[1m[22m[2m Γöé gzip:     0.54 kB[22m
[2mdist/[22m[36massets/toml-Bm5Em-hy.js                           [39m[1m[2m     1.14 kB[22m[1m[22m[2m Γöé gzip:     0.54 kB[22m
[2mdist/[22m[36massets/mbox-CNhZ1qSd.js                           [39m[1m[2m     1.40 kB[22m[1m[22m[2m Γöé gzip:     0.66 kB[22m
[2mdist/[22m[36massets/sieve-C3Gn_uJK.js                          [39m[1m[2m     1.62 kB[22m[1m[22m[2m Γöé gzip:     0.77 kB[22m
[2mdist/[22m[36massets/rpm-CTu-6PCP.js                            [39m[1m[2m     1.62 kB[22m[1m[22m[2m Γöé gzip:     0.83 kB[22m
[2mdist/[22m[36massets/factor-kuTfRLto.js                         [39m[1m[2m     1.67 kB[22m[1m[22m[2m Γöé gzip:     0.61 kB[22m
[2mdist/[22m[36massets/z80-Hz9HOZM7.js                            [39m[1m[2m     1.75 kB[22m[1m[22m[2m Γöé gzip:     0.81 kB[22m
[2mdist/[22m[36massets/eiffel-CnydiIhH.js                         [39m[1m[2m     1.81 kB[22m[1m[22m[2m Γöé gzip:     0.92 kB[22m
[2mdist/[22m[36massets/elm-vLlmbW-K.js                            [39m[1m[2m     1.89 kB[22m[1m[22m[2m Γöé gzip:     0.82 kB[22m
[2mdist/[22m[36massets/mathematica-DTrFuWx2.js                    [39m[1m[2m     1.92 kB[22m[1m[22m[2m Γöé gzip:     0.82 kB[22m
[2mdist/[22m[36massets/dockerfile-BKs6k2Af.js                     [39m[1m[2m     1.95 kB[22m[1m[22m[2m Γöé gzip:     0.67 kB[22m
[2mdist/[22m[36massets/turtle-B1tBg_DP.js                         [39m[1m[2m     1.98 kB[22m[1m[22m[2m Γöé gzip:     0.90 kB[22m
[2mdist/[22m[36massets/ebnf-CDyGwa7X.js                           [39m[1m[2m     1.99 kB[22m[1m[22m[2m Γöé gzip:     0.81 kB[22m
[2mdist/[22m[36massets/smalltalk-CnHTOXQT.js                      [39m[1m[2m     2.01 kB[22m[1m[22m[2m Γöé gzip:     0.85 kB[22m
[2mdist/[22m[36massets/dtd-DF_7sFjM.js                            [39m[1m[2m     2.06 kB[22m[1m[22m[2m Γöé gzip:     0.87 kB[22m
[2mdist/[22m[36massets/mumps-BT43cFF4.js                          [39m[1m[2m     2.07 kB[22m[1m[22m[2m Γöé gzip:     0.98 kB[22m
[2mdist/[22m[36massets/fcl-Kvtd6kyn.js                            [39m[1m[2m     2.08 kB[22m[1m[22m[2m Γöé gzip:     0.95 kB[22m
[2mdist/[22m[36massets/ntriples-BfvgReVJ.js                       [39m[1m[2m     2.10 kB[22m[1m[22m[2m Γöé gzip:     0.75 kB[22m
[2mdist/[22m[36massets/apl-B4CMkyY2.js                            [39m[1m[2m     2.12 kB[22m[1m[22m[2m Γöé gzip:     1.23 kB[22m
[2mdist/[22m[36massets/yacas-BJ4BC0dw.js                          [39m[1m[2m     2.15 kB[22m[1m[22m[2m Γöé gzip:     1.09 kB[22m
[2mdist/[22m[36massets/simple-mode-GW_nhZxv.js                    [39m[1m[2m     2.28 kB[22m[1m[22m[2m Γöé gzip:     1.09 kB[22m
[2mdist/[22m[36massets/octave-Ck1zUtKM.js                         [39m[1m[2m     2.30 kB[22m[1m[22m[2m Γöé gzip:     1.09 kB[22m
[2mdist/[22m[36massets/pascal--L3eBynH.js                         [39m[1m[2m     2.30 kB[22m[1m[22m[2m Γöé gzip:     1.19 kB[22m
[2mdist/[22m[36massets/commonlisp-DBKNyK5s.js                     [39m[1m[2m     2.32 kB[22m[1m[22m[2m Γöé gzip:     1.10 kB[22m
[2mdist/[22m[36massets/tcl-DVfN8rqt.js                            [39m[1m[2m     2.36 kB[22m[1m[22m[2m Γöé gzip:     1.23 kB[22m
[2mdist/[22m[36massets/index-DVwgcITM.js                          [39m[1m[2m     2.43 kB[22m[1m[22m[2m Γöé gzip:     1.51 kB[22m
[2mdist/[22m[36massets/webidl-ZXfAyPTL.js                         [39m[1m[2m     2.52 kB[22m[1m[22m[2m Γöé gzip:     1.26 kB[22m
[2mdist/[22m[36massets/pig-CevX1Tat.js                            [39m[1m[2m     2.53 kB[22m[1m[22m[2m Γöé gzip:     1.38 kB[22m
[2mdist/[22m[36massets/puppet-DMA9R1ak.js                         [39m[1m[2m     2.54 kB[22m[1m[22m[2m Γöé gzip:     1.20 kB[22m
[2mdist/[22m[36massets/forth-Ffai-XNe.js                          [39m[1m[2m     2.54 kB[22m[1m[22m[2m Γöé gzip:     1.33 kB[22m
[2mdist/[22m[36massets/shell-CjFT_Tl9.js                          [39m[1m[2m     2.57 kB[22m[1m[22m[2m Γöé gzip:     1.21 kB[22m
[2mdist/[22m[36massets/index-BRISD2z0.js                          [39m[1m[2m     2.64 kB[22m[1m[22m[2m Γöé gzip:     1.51 kB[22m
[2mdist/[22m[36massets/velocity-D8B20fx6.js                       [39m[1m[2m     2.67 kB[22m[1m[22m[2m Γöé gzip:     1.11 kB[22m
[2mdist/[22m[36massets/tiddlywiki-DO-Gjzrf.js                     [39m[1m[2m     2.78 kB[22m[1m[22m[2m Γöé gzip:     1.07 kB[22m
[2mdist/[22m[36massets/modelica-Dc1JOy9r.js                       [39m[1m[2m     2.79 kB[22m[1m[22m[2m Γöé gzip:     1.29 kB[22m
[2mdist/[22m[36massets/oz-BzwKVEFT.js                             [39m[1m[2m     2.90 kB[22m[1m[22m[2m Γöé gzip:     1.28 kB[22m
[2mdist/[22m[36massets/r-DUYO_cvP.js                              [39m[1m[2m     2.94 kB[22m[1m[22m[2m Γöé gzip:     1.36 kB[22m
[2mdist/[22m[36massets/stex-C3f8Ysf7.js                           [39m[1m[2m     3.12 kB[22m[1m[22m[2m Γöé gzip:     1.20 kB[22m
[2mdist/[22m[36massets/tiki-DGYXhP31.js                           [39m[1m[2m     3.25 kB[22m[1m[22m[2m Γöé gzip:     1.26 kB[22m
[2mdist/[22m[36massets/vhdl-lSbBsy5d.js                           [39m[1m[2m     3.35 kB[22m[1m[22m[2m Γöé gzip:     1.51 kB[22m
[2mdist/[22m[36massets/lua-BgMRiT3U.js                            [39m[1m[2m     3.40 kB[22m[1m[22m[2m Γöé gzip:     1.44 kB[22m
[2mdist/[22m[36massets/index-Cz7Q-pC8.js                          [39m[1m[2m     3.41 kB[22m[1m[22m[2m Γöé gzip:     1.73 kB[22m
[2mdist/[22m[36massets/mscgen-BA5vi2Kp.js                         [39m[1m[2m     3.51 kB[22m[1m[22m[2m Γöé gzip:     0.98 kB[22m
[2mdist/[22m[36massets/sparql-DkYu6x3z.js                         [39m[1m[2m     3.55 kB[22m[1m[22m[2m Γöé gzip:     1.63 kB[22m
[2mdist/[22m[36massets/cypher-C_CwsFkJ.js                         [39m[1m[2m     3.56 kB[22m[1m[22m[2m Γöé gzip:     1.52 kB[22m
[2mdist/[22m[36massets/d-pRatUO7H.js                              [39m[1m[2m     3.72 kB[22m[1m[22m[2m Γöé gzip:     1.68 kB[22m
[2mdist/[22m[36massets/coffeescript-S37ZYGWr.js                   [39m[1m[2m     3.87 kB[22m[1m[22m[2m Γöé gzip:     1.69 kB[22m
[2mdist/[22m[36massets/vb-CmGdzxic.js                             [39m[1m[2m     3.90 kB[22m[1m[22m[2m Γöé gzip:     1.79 kB[22m
[2mdist/[22m[36massets/swift-BzpIVaGY.js                          [39m[1m[2m     3.96 kB[22m[1m[22m[2m Γöé gzip:     1.79 kB[22m
[2mdist/[22m[36massets/asn1-EdZsLKOL.js                           [39m[1m[2m     3.98 kB[22m[1m[22m[2m Γöé gzip:     1.96 kB[22m
[2mdist/[22m[36massets/q-pXgVlZs6.js                              [39m[1m[2m     4.03 kB[22m[1m[22m[2m Γöé gzip:     1.67 kB[22m
[2mdist/[22m[36massets/ttcn-cfg-B9xdYoR4.js                       [39m[1m[2m     4.05 kB[22m[1m[22m[2m Γöé gzip:     1.71 kB[22m
[2mdist/[22m[36massets/dylan-DwRh75JA.js                          [39m[1m[2m     4.05 kB[22m[1m[22m[2m Γöé gzip:     1.65 kB[22m
[2mdist/[22m[36massets/livescript-BwQOo05w.js                     [39m[1m[2m     4.09 kB[22m[1m[22m[2m Γöé gzip:     1.64 kB[22m
[2mdist/[22m[36massets/groovy-D9Dt4D0W.js                         [39m[1m[2m     4.14 kB[22m[1m[22m[2m Γöé gzip:     1.77 kB[22m
[2mdist/[22m[36massets/haskell-BWDZoCOh.js                        [39m[1m[2m     4.16 kB[22m[1m[22m[2m Γöé gzip:     1.89 kB[22m
[2mdist/[22m[36massets/asterisk-B-8jnY81.js                       [39m[1m[2m     4.48 kB[22m[1m[22m[2m Γöé gzip:     1.78 kB[22m
[2mdist/[22m[36massets/gas-Bneqetm1.js                            [39m[1m[2m     4.57 kB[22m[1m[22m[2m Γöé gzip:     1.28 kB[22m
[2mdist/[22m[36massets/fortran-DYz_wnZ1.js                        [39m[1m[2m     4.65 kB[22m[1m[22m[2m Γöé gzip:     2.01 kB[22m
[2mdist/[22m[36massets/mllike-CXdrOF99.js                         [39m[1m[2m     4.79 kB[22m[1m[22m[2m Γöé gzip:     1.53 kB[22m
[2mdist/[22m[36massets/ttcn-CfJYG6tj.js                           [39m[1m[2m     4.80 kB[22m[1m[22m[2m Γöé gzip:     2.13 kB[22m
[2mdist/[22m[36massets/index-6AxZ5Dkj.js                          [39m[1m[2m     5.07 kB[22m[1m[22m[2m Γöé gzip:     2.41 kB[22m
[2mdist/[22m[36massets/ecl-Cabwm37j.js                            [39m[1m[2m     5.13 kB[22m[1m[22m[2m Γöé gzip:     2.31 kB[22m
[2mdist/[22m[36massets/crystal-SjHAIU92.js                        [39m[1m[2m     5.13 kB[22m[1m[22m[2m Γöé gzip:     2.07 kB[22m
[2mdist/[22m[36massets/ruby-B2Rjki9n.js                           [39m[1m[2m     5.16 kB[22m[1m[22m[2m Γöé gzip:     2.15 kB[22m
[2mdist/[22m[36massets/julia-DuME0IfC.js                          [39m[1m[2m     5.39 kB[22m[1m[22m[2m Γöé gzip:     2.14 kB[22m
[2mdist/[22m[36massets/vbscript-BuJXcnF6.js                       [39m[1m[2m     5.82 kB[22m[1m[22m[2m Γöé gzip:     2.57 kB[22m
[2mdist/[22m[36massets/mirc-CjQqDB4T.js                           [39m[1m[2m     5.92 kB[22m[1m[22m[2m Γöé gzip:     2.68 kB[22m
[2mdist/[22m[36massets/cobol-CWcv1MsR.js                          [39m[1m[2m     6.20 kB[22m[1m[22m[2m Γöé gzip:     2.96 kB[22m
[2mdist/[22m[36massets/scheme-C41bIUwD.js                         [39m[1m[2m     6.37 kB[22m[1m[22m[2m Γöé gzip:     2.39 kB[22m
[2mdist/[22m[36massets/python-BuPzkPfP.js                         [39m[1m[2m     6.48 kB[22m[1m[22m[2m Γöé gzip:     2.73 kB[22m
[2mdist/[22m[36massets/xquery-CQfU5ijd.js                         [39m[1m[2m     6.62 kB[22m[1m[22m[2m Γöé gzip:     2.56 kB[22m
[2mdist/[22m[36massets/pug-DukmZTjD.js                            [39m[1m[2m     6.67 kB[22m[1m[22m[2m Γöé gzip:     1.94 kB[22m
[2mdist/[22m[36massets/textile-CnDTJFAw.js                        [39m[1m[2m     6.80 kB[22m[1m[22m[2m Γöé gzip:     2.44 kB[22m
[2mdist/[22m[36massets/nsis-LdVXkNf5.js                           [39m[1m[2m     6.81 kB[22m[1m[22m[2m Γöé gzip:     2.99 kB[22m
[2mdist/[22m[36massets/nginx-DdIZxoE0.js                          [39m[1m[2m     7.34 kB[22m[1m[22m[2m Γöé gzip:     2.72 kB[22m
[2mdist/[22m[36massets/powershell-CFHJl5sT.js                     [39m[1m[2m     7.77 kB[22m[1m[22m[2m Γöé gzip:     3.33 kB[22m
[2mdist/[22m[36massets/haxe-H-WmDvRZ.js                           [39m[1m[2m     7.89 kB[22m[1m[22m[2m Γöé gzip:     2.95 kB[22m
[2mdist/[22m[36massets/gherkin-heZmZLOM.js                        [39m[1m[2m     7.96 kB[22m[1m[22m[2m Γöé gzip:     5.09 kB[22m
[2mdist/[22m[36massets/erlang-BNw1qcRV.js                         [39m[1m[2m     8.07 kB[22m[1m[22m[2m Γöé gzip:     2.89 kB[22m
[2mdist/[22m[36massets/verilog-C6RDOZhf.js                        [39m[1m[2m     8.24 kB[22m[1m[22m[2m Γöé gzip:     3.52 kB[22m
[2mdist/[22m[36massets/sas-B4kiWyti.js                            [39m[1m[2m     9.33 kB[22m[1m[22m[2m Γöé gzip:     4.11 kB[22m
[2mdist/[22m[36massets/perl-CdXCOZ3F.js                           [39m[1m[2m     9.75 kB[22m[1m[22m[2m Γöé gzip:     3.46 kB[22m
[2mdist/[22m[36massets/clojure-BMjYHr_A.js                        [39m[1m[2m    10.82 kB[22m[1m[22m[2m Γöé gzip:     3.99 kB[22m
[2mdist/[22m[36massets/idl-BEugSyMb.js                            [39m[1m[2m    11.63 kB[22m[1m[22m[2m Γöé gzip:     4.52 kB[22m
[2mdist/[22m[36massets/index-BLcrAdc0.js                          [39m[1m[2m    12.70 kB[22m[1m[22m[2m Γöé gzip:     5.60 kB[22m
[2mdist/[22m[36massets/index-DfC8UfNg.js                          [39m[1m[2m    14.80 kB[22m[1m[22m[2m Γöé gzip:     5.98 kB[22m
[2mdist/[22m[36massets/index-DlgpC7jK.js                          [39m[1m[2m    16.32 kB[22m[1m[22m[2m Γöé gzip:     7.45 kB[22m
[2mdist/[22m[36massets/javascript-qCveANmP.js                     [39m[1m[2m    17.08 kB[22m[1m[22m[2m Γöé gzip:     5.75 kB[22m
[2mdist/[22m[36massets/index-CVm4Fo7_.js                          [39m[1m[2m    19.69 kB[22m[1m[22m[2m Γöé gzip:     9.30 kB[22m
[2mdist/[22m[36massets/index-CD2sAbaI.js                          [39m[1m[2m    20.93 kB[22m[1m[22m[2m Γöé gzip:     9.35 kB[22m
[2mdist/[22m[36massets/clike-B9uivgTg.js                          [39m[1m[2m    22.30 kB[22m[1m[22m[2m Γöé gzip:     7.86 kB[22m
[2mdist/[22m[36massets/index-CWlMW_22.js                          [39m[1m[2m    23.07 kB[22m[1m[22m[2m Γöé gzip:    10.39 kB[22m
[2mdist/[22m[36massets/stylus-B533Al4x.js                         [39m[1m[2m    25.80 kB[22m[1m[22m[2m Γöé gzip:     8.60 kB[22m
[2mdist/[22m[36massets/index-91HBQn93.js                          [39m[1m[2m    25.84 kB[22m[1m[22m[2m Γöé gzip:    11.61 kB[22m
[2mdist/[22m[36massets/index-CqG-AYF7.js                          [39m[1m[2m    26.36 kB[22m[1m[22m[2m Γöé gzip:     8.79 kB[22m
[2mdist/[22m[36massets/css-BnMrqG3P.js                            [39m[1m[2m    27.13 kB[22m[1m[22m[2m Γöé gzip:     8.47 kB[22m
[2mdist/[22m[36massets/index-DpUUeMOe.js                          [39m[1m[2m    28.70 kB[22m[1m[22m[2m Γöé gzip:    11.67 kB[22m
[2mdist/[22m[36massets/index-DPNSeWiM.js                          [39m[1m[2m    30.81 kB[22m[1m[22m[2m Γöé gzip:    12.66 kB[22m
[2mdist/[22m[36massets/index-BhRuar5D.js                          [39m[1m[2m    32.33 kB[22m[1m[22m[2m Γöé gzip:    13.07 kB[22m
[2mdist/[22m[36massets/sql-D0XecflT.js                            [39m[1m[2m    37.05 kB[22m[1m[22m[2m Γöé gzip:    10.94 kB[22m
[2mdist/[22m[36massets/index-DfTWpcRe.js                          [39m[1m[2m    40.74 kB[22m[1m[22m[2m Γöé gzip:    16.75 kB[22m
[2mdist/[22m[36massets/index-C2F6rQCt.js                          [39m[1m[2m    44.18 kB[22m[1m[22m[2m Γöé gzip:    15.33 kB[22m
[2mdist/[22m[36massets/index-Dy1vhN8s.js                          [39m[1m[2m    45.11 kB[22m[1m[22m[2m Γöé gzip:    19.17 kB[22m
[2mdist/[22m[36massets/index-9kyrF5lH.js                          [39m[1m[2m    70.82 kB[22m[1m[22m[2m Γöé gzip:    25.85 kB[22m
[2mdist/[22m[36massets/index-Chr6NbjW.js                          [39m[1m[2m    86.65 kB[22m[1m[22m[2m Γöé gzip:    34.42 kB[22m
[2mdist/[22m[36massets/index-lmPtP-fM.js                          [39m[1m[2m    97.87 kB[22m[1m[22m[2m Γöé gzip:    28.46 kB[22m
[2mdist/[22m[36massets/index-CpJI33xQ.js                          [39m[1m[2m   100.57 kB[22m[1m[22m[2m Γöé gzip:    33.63 kB[22m
[2mdist/[22m[36massets/react-force-graph-3d-BL8BmJ7V.js           [39m[1m[33m 1,077.66 kB[39m[22m[2m Γöé gzip:   293.30 kB[22m
[2mdist/[22m[36massets/index-DAWEVlOB.js                          [39m[1m[33m 4,251.48 kB[39m[22m[2m Γöé gzip: 1,151.15 kB[22m
[33m
(!) Some chunks are larger than 500 kB after minification. Consider:
- Using dynamic import() to code-split the application
- Use build.rollupOptions.output.manualChunks to improve chunking: 
https://rollupjs.org/configuration-options/#output-manualchunks
- Adjust chunk size limit for this warning via build.chunkSizeWarningLimit.[39m
[32mΓ£ô built in 31.32s[39m
